// Jest Snapshot v1, https://goo.gl/fbAQLP

exports[`some should throw when array is null or undefined 1`] = `"Array.prototype.some called on null or undefined"`;

exports[`some should throw when array is null or undefined 2`] = `"Array.prototype.some called on null or undefined"`;

exports[`some should throw when array is null or undefined 3`] = `"Array.prototype.some called on null or undefined"`;
