// Jest Snapshot v1, https://goo.gl/fbAQLP

exports[`some should throw when array is null or undefined 1`] = `"Cannot call method on undefined"`;

exports[`some should throw when array is null or undefined 2`] = `"Cannot call method on undefined"`;

exports[`some should throw when array is null or undefined 3`] = `"Cannot call method on null"`;
